warn:  CreateDXGIFactory2: Ignoring flags
info:  Game: UKT.exe
info:  DXVK: v1.10.3
info:  Built-in extension providers:
info:    Win32 WSI
info:    OpenVR
info:    OpenXR
info:  OpenVR: could not open registry key, status 2
info:  OpenVR: Failed to locate module
info:  Enabled instance extensions:
info:    VK_KHR_surface
info:    VK_KHR_win32_surface
warn:  Skipping CPU adapter: llvmpipe (LLVM 15.0.7, 256 bits)
info:  Intel(R) Graphics (ADL GT2):
info:    Driver: 25.0.5
info:    Vulkan: 1.4.305
info:    Memory Heap[0]: 
info:      Size: 7856 MiB
info:      Flags: 0x1
info:      Memory Type[0]: Property Flags = 0x1
info:      Memory Type[1]: Property Flags = 0x7
info:      Memory Type[2]: Property Flags = 0xf
info:      Memory Type[3]: Property Flags = 0x1
info:      Memory Type[4]: Property Flags = 0x7
info:      Memory Type[5]: Property Flags = 0xf
info:  Adapter LUID 0: 0:3f5
info:  Game: UKT.exe
info:  DXVK: v1.10.3
info:  Built-in extension providers:
info:    Win32 WSI
info:    OpenVR
info:    OpenXR
info:  OpenVR: could not open registry key, status 2
info:  OpenVR: Failed to locate module
info:  Enabled instance extensions:
info:    VK_KHR_surface
info:    VK_KHR_win32_surface
warn:  Skipping CPU adapter: llvmpipe (LLVM 15.0.7, 256 bits)
info:  Intel(R) Graphics (ADL GT2):
info:    Driver: 25.0.5
info:    Vulkan: 1.4.305
info:    Memory Heap[0]: 
info:      Size: 7856 MiB
info:      Flags: 0x1
info:      Memory Type[0]: Property Flags = 0x1
info:      Memory Type[1]: Property Flags = 0x7
info:      Memory Type[2]: Property Flags = 0xf
info:      Memory Type[3]: Property Flags = 0x1
info:      Memory Type[4]: Property Flags = 0x7
info:      Memory Type[5]: Property Flags = 0xf
info:  Game: UKT.exe
info:  DXVK: v1.10.3
info:  Built-in extension providers:
info:    Win32 WSI
info:    OpenVR
info:    OpenXR
info:  OpenVR: could not open registry key, status 2
info:  OpenVR: Failed to locate module
info:  Enabled instance extensions:
info:    VK_KHR_surface
info:    VK_KHR_win32_surface
warn:  Skipping CPU adapter: llvmpipe (LLVM 15.0.7, 256 bits)
info:  Intel(R) Graphics (ADL GT2):
info:    Driver: 25.0.5
info:    Vulkan: 1.4.305
info:    Memory Heap[0]: 
info:      Size: 7856 MiB
info:      Flags: 0x1
info:      Memory Type[0]: Property Flags = 0x1
info:      Memory Type[1]: Property Flags = 0x7
info:      Memory Type[2]: Property Flags = 0xf
info:      Memory Type[3]: Property Flags = 0x1
info:      Memory Type[4]: Property Flags = 0x7
info:      Memory Type[5]: Property Flags = 0xf
info:  Game: UKT.exe
info:  DXVK: v1.10.3
info:  Built-in extension providers:
info:    Win32 WSI
info:    OpenVR
info:    OpenXR
info:  OpenVR: could not open registry key, status 2
info:  OpenVR: Failed to locate module
info:  Enabled instance extensions:
info:    VK_KHR_surface
info:    VK_KHR_win32_surface
warn:  Skipping CPU adapter: llvmpipe (LLVM 15.0.7, 256 bits)
info:  Intel(R) Graphics (ADL GT2):
info:    Driver: 25.0.5
info:    Vulkan: 1.4.305
info:    Memory Heap[0]: 
info:      Size: 7856 MiB
info:      Flags: 0x1
info:      Memory Type[0]: Property Flags = 0x1
info:      Memory Type[1]: Property Flags = 0x7
info:      Memory Type[2]: Property Flags = 0xf
info:      Memory Type[3]: Property Flags = 0x1
info:      Memory Type[4]: Property Flags = 0x7
info:      Memory Type[5]: Property Flags = 0xf
warn:  DXGI: MakeWindowAssociation: Ignoring flags
